Exported 10 attachments for: PrototypeIssue293UITests/test01AutomaticEdgeLightAX5():
File: 9A638BE7-96EE-40CA-A7BE-75A7B20E575B.txt, suggested name: "01-automatic-edge-light-AX5-accessibility-element-inventory_0_70BF889B-826A-44B3-A270-12DF7768E430.txt"
File: 2D047312-682D-4FE6-908B-6955E0CDDAE9.txt, suggested name: "01-automatic-edge-light-AX5-public-accessibility-settings_0_20190E69-DAAA-44E2-958E-B33080ED45A7.txt"
File: 232CC540-85FA-4C68-B7CD-B5294EE8F967.png, suggested name: "01-automatic-edge-light-AX5_0_3ED00D21-161A-4615-B0AA-3A1A3FE66F30.png"
File: 4FCE2141-00F2-4167-B5C7-213362F4F992.mp4, suggested name: "Screen Recording 2026-09-05 at 07.49.48.mp4"
File: 5D19A786-B60F-4F46-9CD3-4BE84C407ABC.txt, suggested name: "Complete Issue Description.txt"
File: BCACE907-AEFA-4282-A782-C3808B4F356F.png, suggested name: "App Screenshot_0_7F0A69EB-809F-44AB-A233-12D39D8FC482.png"
File: DFBF2E2C-9ACE-4082-A547-77A355752077.png, suggested name: "Element Screenshot_1_D974E072-E526-40E0-B5DA-83106B19C2A2.png"
File: 3D30D5D5-43DC-4D0E-B4A7-7B5F1249F443.txt, suggested name: "Complete Issue Description.txt"
File: B569E925-7DCB-4CF7-9A8E-893D26199BEE.png, suggested name: "App Screenshot_0_73874350-489C-4B8B-80F5-8FCB867B783D.png"
File: BCE79B9C-90E7-4096-8512-01F499D9A6FC.png, suggested name: "Element Screenshot_1_BA6C3E87-EDB3-47B3-9C39-66A41253812E.png"

Exported 10 attachments for: PrototypeIssue293UITests/test02AutomaticEdgeDarkAX5():
File: CC54CFCD-DF83-497F-9EF5-4746C59EBE09.txt, suggested name: "02-automatic-edge-dark-AX5-accessibility-element-inventory_0_60BA2EB6-939D-4528-AF44-8F396819C6B1.txt"
File: 17DE8BDC-95DD-4159-87DC-CF486F2372B9.txt, suggested name: "02-automatic-edge-dark-AX5-public-accessibility-settings_0_C7C1DE46-F80A-4928-898B-58A62F71113F.txt"
File: 33798DE6-B2B7-4B93-A577-3C7BC2D9EEE6.png, suggested name: "02-automatic-edge-dark-AX5_0_4F7F633E-F16A-408A-B551-708D7CA96F8D.png"
File: 4BAA9FEC-A574-4F73-B319-7A5EEB99ED14.mp4, suggested name: "Screen Recording 2026-09-05 at 07.50.07.mp4"
File: 8C890A2C-5F4C-4C55-9DC6-650A3F1B2507.txt, suggested name: "Complete Issue Description.txt"
File: 4F28623D-C0C2-42E0-BA7F-424D4C453E86.png, suggested name: "App Screenshot_0_9A5CF0E5-8204-413F-9763-0D430BA8C644.png"
File: 044F83D7-1653-4837-8EA3-D7F6BBD42AEC.png, suggested name: "Element Screenshot_1_3E3E6B40-7867-428F-866D-67847BC34737.png"
File: D18761F0-5C7C-4694-A875-2BF5731CD0B5.txt, suggested name: "Complete Issue Description.txt"
File: 8161ACDA-BF48-49B4-BB27-3F2A07271A04.png, suggested name: "App Screenshot_0_770A9778-9962-4705-B10E-5B9BB163EB19.png"
File: C2E00FB1-A37C-4942-A6D0-FF824A6FA610.png, suggested name: "Element Screenshot_1_C8DA6132-A91C-4896-98F2-FDC58A769FCC.png"

Exported 10 attachments for: PrototypeIssue293UITests/test03HardEdgeLightAX5():
File: 8B4B8704-D73C-42BC-8A5F-350225C111A3.txt, suggested name: "03-hard-edge-light-AX5-accessibility-element-inventory_0_342E0BC8-B88E-4F8D-8607-57759D86CA81.txt"
File: 75BBFAED-0639-4FE1-B25F-631D7AB9C6C4.txt, suggested name: "03-hard-edge-light-AX5-public-accessibility-settings_0_F3C9A673-41E7-4557-A6F6-28D33CAA84EA.txt"
File: 495984D7-35F3-418E-99BF-00EA1ACCDE0C.png, suggested name: "03-hard-edge-light-AX5_0_D9DF86F0-7771-4019-987A-8997E116A6E3.png"
File: 8CAAE847-D900-43AF-8222-B90CE042134B.mp4, suggested name: "Screen Recording 2026-09-05 at 07.50.27.mp4"
File: 0A45177F-D243-44C7-9BDA-F32FBD9DD5DA.txt, suggested name: "Complete Issue Description.txt"
File: FF57BA57-5A9E-49B7-B5F7-AB64413212F4.png, suggested name: "App Screenshot_0_300976E4-3FC5-4FB7-9636-D88F88D1DD6E.png"
File: 1FCF3EAB-1F59-4884-9B22-ED839576D909.png, suggested name: "Element Screenshot_1_A53B397C-D2A2-454C-8703-7A88DDBDC2E8.png"
File: F566B66A-1E20-4C26-87BE-6DE60624E39B.txt, suggested name: "Complete Issue Description.txt"
File: D892738D-ED82-4300-972C-A2ACD73FCA64.png, suggested name: "App Screenshot_0_3A9219A4-8CC0-4351-8DB2-3778B7973352.png"
File: CBA0AD13-D75F-458F-8F13-7CCF545F01AB.png, suggested name: "Element Screenshot_1_52D67EF8-0937-41BB-98A2-DB7B2476BBBA.png"

Exported 10 attachments for: PrototypeIssue293UITests/test04HardEdgeDarkAX5():
File: 1BABF3EC-BBCF-4F47-8C19-69D8F1149637.txt, suggested name: "04-hard-edge-dark-AX5-accessibility-element-inventory_0_F26E2F44-1FB4-412C-88A5-1104D1518540.txt"
File: F57FCE27-D710-41CD-8182-2396AEF9C687.txt, suggested name: "04-hard-edge-dark-AX5-public-accessibility-settings_0_6B1029AB-0FE2-4D57-885E-45D9D9033A35.txt"
File: 514C8CB9-1FFD-41E4-AE2E-F814BD3EA3A0.png, suggested name: "04-hard-edge-dark-AX5_0_D21C19A0-AF7C-4D19-BA28-4C53C7B025F4.png"
File: 75B49881-F259-4B7D-827C-AC06C2A2D3E3.mp4, suggested name: "Screen Recording 2026-09-05 at 07.50.45.mp4"
File: F901FE33-4BF3-4E65-A38F-284F5C966C4E.txt, suggested name: "Complete Issue Description.txt"
File: 28E431B2-8F07-4F32-8223-D8049E1EA3EA.png, suggested name: "App Screenshot_0_42F42ECE-EFCB-4DEC-AA48-93AF96203798.png"
File: B00C8E09-D2A9-49D5-A141-6309D3657DBB.png, suggested name: "Element Screenshot_1_68E48879-C71F-4E5A-B949-9A0C356CDD0A.png"
File: 7785360D-C925-43C3-8516-29C76E50D8CE.txt, suggested name: "Complete Issue Description.txt"
File: 9898A021-E78E-4460-84C4-A2B3619E5B86.png, suggested name: "App Screenshot_0_149BA302-B5EC-4061-A855-2B376CA9EAE1.png"
File: 3DB889E1-1DFD-4DF7-B286-ED46223DB842.png, suggested name: "Element Screenshot_1_05B38E48-C24E-4808-97E2-01B9430209D9.png"

Exported 10 attachments for: PrototypeIssue293UITests/test05DeliberateLowContrastLightAX5():
File: EF83EE86-71C8-44A7-AA04-ADC1DE5D6588.txt, suggested name: "05-deliberate-low-contrast-light-AX5-accessibility-element-inventory_0_273747F9-F6C8-4B4F-80B9-F3599577ECF2.txt"
File: 97FE66AB-37DA-420C-BB1F-642F61596DBA.txt, suggested name: "05-deliberate-low-contrast-light-AX5-public-accessibility-settings_0_71F53584-7061-4D0E-821D-4D2F07C7E2FB.txt"
File: E9B5131E-2DD8-4E52-A7BE-4F4400756513.png, suggested name: "05-deliberate-low-contrast-light-AX5_0_A9573289-6704-4784-A0A7-13FB0F33D05B.png"
File: FCEC1300-F5B3-426F-8E10-DF97E1D5EA2D.mp4, suggested name: "Screen Recording 2026-09-05 at 07.51.05.mp4"
File: 97725721-3121-40A4-947F-8E6AF21682C3.txt, suggested name: "Complete Issue Description.txt"
File: 3776FD48-690A-4A5B-A013-5D00A1138FA5.png, suggested name: "App Screenshot_0_2BCCBCC6-4CA0-4FFF-A17D-11129D0B7CA5.png"
File: F6DEF616-17EC-4ED7-90C1-C188B1EA3123.png, suggested name: "Element Screenshot_1_1C789018-CEE7-43B8-B8F7-F38B0087A4B4.png"
File: 4798D076-83AE-435A-AAFD-7457B4CB85D1.txt, suggested name: "Complete Issue Description.txt"
File: 068BAC52-D83C-4917-BA34-15DBDBBFF0F6.png, suggested name: "App Screenshot_0_2B865447-23CF-4E09-94FB-BCDB2927FBB9.png"
File: CE0206BF-46B9-4707-8FFC-9BFF1ECFAFF8.png, suggested name: "Element Screenshot_1_17763126-8DCF-409F-949B-B725624F2B15.png"

Exported 10 attachments for: PrototypeIssue293UITests/test06DeliberateLowContrastDarkAX5():
File: 6823C47B-E801-4B9C-AFEE-D16C4B040AD9.txt, suggested name: "06-deliberate-low-contrast-dark-AX5-accessibility-element-inventory_0_4EF11FA9-99BA-42EB-9963-B8CC23F3AC5C.txt"
File: 69778119-614B-40B1-87F5-927F5D658B4E.txt, suggested name: "06-deliberate-low-contrast-dark-AX5-public-accessibility-settings_0_E5CE46F2-5B3A-40D6-87AB-2D3A60FE7900.txt"
File: 78B2BC7F-184E-4B4C-A694-33BEA3CAAA30.png, suggested name: "06-deliberate-low-contrast-dark-AX5_0_E534B5B9-1C88-460B-9C7D-AF493F752E25.png"
File: FD52B4D1-7B24-4F94-A6D8-91A6F3C6BB3E.mp4, suggested name: "Screen Recording 2026-09-05 at 07.51.20.mp4"
File: B6531DC6-5DE9-4A12-B802-FFDEF34C90C2.txt, suggested name: "Complete Issue Description.txt"
File: 77999F11-5975-43A0-ADC3-2C48F81520A8.png, suggested name: "App Screenshot_0_981F8AD2-5758-4876-A946-6533BF1FA987.png"
File: BA567781-8109-438C-AAF0-E790C9D99260.png, suggested name: "Element Screenshot_1_189C1077-9141-4577-A57E-EE3330452E69.png"
File: 856DF82C-65D4-4F78-87EC-F7B82991363E.txt, suggested name: "Complete Issue Description.txt"
File: 8972A8A8-2573-49BA-B6B2-E0B5951D27E2.png, suggested name: "App Screenshot_0_B6716615-8DDE-4263-87BD-BF055A00F9DD.png"
File: F2E819B0-F299-4CF2-A259-01DAF8D4C728.png, suggested name: "Element Screenshot_1_46BFDB9B-9298-4519-A321-8BE55510F264.png"

Exported 7 attachments for: PrototypeIssue293UITests/test07SemanticRepairLightAX5():
File: E03CE113-3CB7-43E3-A225-138F125A5B5C.txt, suggested name: "07-semantic-repair-light-AX5-accessibility-element-inventory_0_A15C289D-8C55-4914-A66F-F37007D7DD08.txt"
File: 63DC57A3-9F17-4010-9FF2-65BC234B7E33.txt, suggested name: "07-semantic-repair-light-AX5-public-accessibility-settings_0_3F496093-EC87-464A-BB70-F262AE6B78E5.txt"
File: 02EACC90-A325-441F-A1D9-5B1C3715785C.png, suggested name: "07-semantic-repair-light-AX5_0_68576351-379A-481F-8DF5-A46F0C84C491.png"
File: 170EF4CD-D2F5-404B-86D2-B882B6793A7B.mp4, suggested name: "Screen Recording 2026-09-05 at 07.51.36.mp4"
File: 4AB08CF6-79C6-4B9A-BD15-F33E84298C4E.txt, suggested name: "Complete Issue Description.txt"
File: DE4B5FBB-31D5-472F-99C1-5C8A44C86298.png, suggested name: "App Screenshot_0_FB07A9AA-9A9C-4152-AA81-2A57446DA730.png"
File: 435ADC51-AB87-4F87-AD79-841F52B7BE6D.png, suggested name: "Element Screenshot_1_2315CA71-84A8-47F9-97DE-005DF36F7042.png"

Exported 7 attachments for: PrototypeIssue293UITests/test08SemanticRepairDarkAX5():
File: C835C46F-C3CC-4130-818B-1C29527411E8.txt, suggested name: "08-semantic-repair-dark-AX5-accessibility-element-inventory_0_009F33C2-7270-4D76-9FDA-FB269F5961EB.txt"
File: 12468A08-6CAE-480D-9E01-8F7990232CD6.txt, suggested name: "08-semantic-repair-dark-AX5-public-accessibility-settings_0_B483FA46-7D50-42A9-A52D-765EDDCBBDC1.txt"
File: 4885B82A-E9FF-4104-A987-F1C3B608B3E6.png, suggested name: "08-semantic-repair-dark-AX5_0_7411564C-4E24-4CC8-BF8E-195FB6669A2B.png"
File: 47D82B1C-4DFD-4E48-8190-22C924B3052F.mp4, suggested name: "Screen Recording 2026-09-05 at 07.51.52.mp4"
File: AE9241E5-0B66-4E82-A7B4-40D29D4CEA36.txt, suggested name: "Complete Issue Description.txt"
File: 2F65D30A-3C01-441C-9A71-94EF5202EF60.png, suggested name: "App Screenshot_0_59BF98D7-1A0B-49B7-AD33-265B8730D282.png"
File: F5F2F2A0-5E34-49AB-A5EF-A43DBDDFEE11.png, suggested name: "Element Screenshot_1_39F127B8-F703-4375-A684-BA1EBC63EA1B.png"

Generated manifest file with attachment details: /Users/devin/dev/repos/github@zenbujapanese/zenbujapanese-monorepo-prototype-293/prototypes/issue-293-liquid-glass-audit-controls/Evidence/increase-contrast/attachments/manifest.json
